--------------------------------------------------------------------------------
Release 12.4 Trace  (lin64)
Copyright (c) 1995-2010 Xilinx, Inc.  All rights reserved.

/opt/Xilinx/12.4/ISE_DS/ISE/bin/lin64/unwrapped/trce -intstyle ise -v 3 -s 3 -n
3 -fastpaths -xml toplevel.twx toplevel.ncd -o toplevel.twr toplevel.pcf

Design file:              toplevel.ncd
Physical constraint file: toplevel.pcf
Device,package,speed:     xc6slx16,csg324,C,-3 (PRODUCTION 1.15 2010-12-02)
Report level:             verbose report

Environment Variable      Effect 
--------------------      ------ 
NONE                      No environment variables were set
--------------------------------------------------------------------------------

INFO:Timing:2698 - No timing constraints found, doing default enumeration.
INFO:Timing:2752 - To get complete path coverage, use the unconstrained paths 
   option. All paths that are not constrained will be reported in the 
   unconstrained paths section(s) of the report.
INFO:Timing:3339 - The clock-to-out numbers in this timing report are based on 
   a 50 Ohm transmission line loading model.  For the details of this model, 
   and for more information on accounting for different loading conditions, 
   please see the device datasheet.



Data Sheet report:
-----------------
All values displayed in nanoseconds (ns)

Setup/Hold to clock clk
------------+------------+------------+------------+------------+------------------+--------+
            |Max Setup to|  Process   |Max Hold to |  Process   |                  | Clock  |
Source      | clk (edge) |   Corner   | clk (edge) |   Corner   |Internal Clock(s) | Phase  |
------------+------------+------------+------------+------------+------------------+--------+
btn0        |    5.237(R)|      SLOW  |   -3.172(R)|      FAST  |clk100            |   0.000|
------------+------------+------------+------------+------------+------------------+--------+

Clock clk to Pad
------------+-----------------+------------+-----------------+------------+------------------+--------+
            |Max (slowest) clk|  Process   |Min (fastest) clk|  Process   |                  | Clock  |
Destination |  (edge) to PAD  |   Corner   |  (edge) to PAD  |   Corner   |Internal Clock(s) | Phase  |
------------+-----------------+------------+-----------------+------------+------------------+--------+
anodes<0>   |         3.678(R)|      SLOW  |         2.066(R)|      FAST  |clk100            |   0.000|
anodes<1>   |         3.703(R)|      SLOW  |         2.091(R)|      FAST  |clk100            |   0.000|
anodes<2>   |         3.394(R)|      SLOW  |         1.899(R)|      FAST  |clk100            |   0.000|
anodes<3>   |         3.419(R)|      SLOW  |         1.927(R)|      FAST  |clk100            |   0.000|
sevenseg<0> |         5.782(R)|      SLOW  |         2.558(R)|      FAST  |clk100            |   0.000|
sevenseg<1> |         5.638(R)|      SLOW  |         2.432(R)|      FAST  |clk100            |   0.000|
sevenseg<2> |         5.762(R)|      SLOW  |         2.825(R)|      FAST  |clk100            |   0.000|
sevenseg<3> |         6.040(R)|      SLOW  |         2.675(R)|      FAST  |clk100            |   0.000|
sevenseg<4> |         5.893(R)|      SLOW  |         2.738(R)|      FAST  |clk100            |   0.000|
sevenseg<5> |         5.746(R)|      SLOW  |         2.831(R)|      FAST  |clk100            |   0.000|
sevenseg<6> |         5.901(R)|      SLOW  |         2.721(R)|      FAST  |clk100            |   0.000|
------------+-----------------+------------+-----------------+------------+------------------+--------+

Clock to Setup on destination clock clk
---------------+---------+---------+---------+---------+
               | Src:Rise| Src:Fall| Src:Rise| Src:Fall|
Source Clock   |Dest:Rise|Dest:Rise|Dest:Fall|Dest:Fall|
---------------+---------+---------+---------+---------+
clk            |    4.090|         |         |         |
---------------+---------+---------+---------+---------+


Analysis completed Tue Oct  6 18:43:49 2015 
--------------------------------------------------------------------------------

Trace Settings:
-------------------------
Trace Settings 

Peak Memory Usage: 288 MB



