Release 12.4 - xst M.81d (lin64)
Copyright (c) 1995-2010 Xilinx, Inc.  All rights reserved.
--> 
Parameter TMPDIR set to xst/projnav.tmp


Total REAL time to Xst completion: 0.00 secs
Total CPU time to Xst completion: 0.03 secs
 
--> 
Parameter xsthdpdir set to xst


Total REAL time to Xst completion: 0.00 secs
Total CPU time to Xst completion: 0.03 secs
 
--> 
Reading design: Nexys3v6.prj

TABLE OF CONTENTS
  1) Synthesis Options Summary
  2) HDL Parsing
  3) HDL Elaboration
  4) HDL Synthesis
       4.1) HDL Synthesis Report
  5) Advanced HDL Synthesis
       5.1) Advanced HDL Synthesis Report
  6) Low Level Synthesis
  7) Partition Report
  8) Design Summary
       8.1) Primitive and Black Box Usage
       8.2) Device utilization summary
       8.3) Partition Resource Summary
       8.4) Timing Report
            8.4.1) Clock Information
            8.4.2) Asynchronous Control Signals Information
            8.4.3) Timing Summary
            8.4.4) Timing Details
            8.4.5) Cross Clock Domains Report


=========================================================================
*                      Synthesis Options Summary                        *
=========================================================================
---- Source Parameters
Input File Name                    : "Nexys3v6.prj"
Input Format                       : mixed
Ignore Synthesis Constraint File   : NO

---- Target Parameters
Output File Name                   : "Nexys3v6"
Output Format                      : NGC
Target Device                      : xc6slx16-3-csg324

---- Source Options
Top Module Name                    : Nexys3v6
Automatic FSM Extraction           : YES
FSM Encoding Algorithm             : Auto
Safe Implementation                : No
FSM Style                          : LUT
RAM Extraction                     : Yes
RAM Style                          : Auto
ROM Extraction                     : Yes
Shift Register Extraction          : YES
ROM Style                          : Auto
Resource Sharing                   : YES
Asynchronous To Synchronous        : NO
Shift Register Minimum Size        : 2
Use DSP Block                      : Auto
Automatic Register Balancing       : No

---- Target Options
LUT Combining                      : Auto
Reduce Control Sets                : Auto
Add IO Buffers                     : YES
Global Maximum Fanout              : 100000
Add Generic Clock Buffer(BUFG)     : 16
Register Duplication               : YES
Optimize Instantiated Primitives   : NO
Use Clock Enable                   : Auto
Use Synchronous Set                : Auto
Use Synchronous Reset              : Auto
Pack IO Registers into IOBs        : Auto
Equivalent register Removal        : YES

---- General Options
Optimization Goal                  : Speed
Optimization Effort                : 1
Power Reduction                    : NO
Keep Hierarchy                     : No
Netlist Hierarchy                  : As_Optimized
RTL Output                         : Yes
Global Optimization                : AllClockNets
Read Cores                         : YES
Write Timing Constraints           : NO
Cross Clock Analysis               : NO
Hierarchy Separator                : /
Bus Delimiter                      : <>
Case Specifier                     : Maintain
Slice Utilization Ratio            : 100
BRAM Utilization Ratio             : 100
DSP48 Utilization Ratio            : 100
Auto BRAM Packing                  : NO
Slice Utilization Ratio Delta      : 5

---- Other Options
Cores Search Directories           : {"ipcore_dir"  }

=========================================================================


=========================================================================
*                          HDL Parsing                                  *
=========================================================================
Parsing VHDL file "/home/m1/durand/Documents/AEO/TP6/ipcore_dir/timer.vhd" into library work
Parsing entity <timer>.
Parsing architecture <xilinx> of entity <timer>.
Parsing VHDL file "/home/m1/durand/Documents/AEO/TP6/QDE_1.vhd" into library work
Parsing entity <QDE_1>.
Parsing architecture <Behavioral> of entity <qde_1>.
Parsing VHDL file "/home/m1/durand/Documents/AEO/TP6/Mux4.vhd" into library work
Parsing entity <Mux4>.
Parsing architecture <Behavioral> of entity <mux4>.
Parsing VHDL file "/home/m1/durand/Documents/AEO/TP6/Mux2x32.vhd" into library work
Parsing entity <mux2x32>.
Parsing architecture <Behavioral> of entity <mux2x32>.
Parsing VHDL file "/home/m1/durand/Documents/AEO/TP6/select_out.vhd" into library work
Parsing entity <select_out>.
Parsing architecture <Behavioral> of entity <select_out>.
Parsing VHDL file "/home/m1/durand/Documents/AEO/TP6/select_in0_save.vhd" into library work
Parsing entity <select_in>.
Parsing architecture <Behavioral> of entity <select_in>.
Parsing VHDL file "/home/m1/durand/Documents/AEO/TP6/returnstack.vhd" into library work
Parsing entity <rstack>.
Parsing architecture <Behavioral> of entity <rstack>.
Parsing VHDL file "/home/m1/durand/Documents/AEO/TP6/regfile.vhf" into library work
Parsing entity <D4_16E_HXILINX_regfile>.
Parsing architecture <D4_16E_HXILINX_regfile_V> of entity <d4_16e_hxilinx_regfile>.
Parsing entity <regfile>.
Parsing architecture <BEHAVIORAL> of entity <regfile>.
Parsing VHDL file "/home/m1/durand/Documents/AEO/TP6/regc.vhd" into library work
Parsing entity <reg0c>.
Parsing architecture <reg0c> of entity <reg0c>.
Parsing VHDL file "/home/m1/durand/Documents/AEO/TP6/reg1c.vhd" into library work
Parsing entity <reg1c>.
Parsing architecture <reg1c> of entity <reg1c>.
Parsing VHDL file "/home/m1/durand/Documents/AEO/TP6/Ram8.vhd" into library work
Parsing entity <Ram8>.
Parsing architecture <rtl> of entity <ram8>.
Parsing VHDL file "/home/m1/durand/Documents/AEO/TP6/qde.vhd" into library work
Parsing entity <QDE>.
Parsing architecture <QDE> of entity <qde>.
Parsing VHDL file "/home/m1/durand/Documents/AEO/TP6/predicat.vhd" into library work
Parsing entity <predicat>.
Parsing architecture <Behavioral> of entity <predicat>.
Parsing VHDL file "/home/m1/durand/Documents/AEO/TP6/next_count.vhd" into library work
Parsing entity <next_count>.
Parsing architecture <Behavioral> of entity <next_count>.
Parsing VHDL file "/home/m1/durand/Documents/AEO/TP6/Mux2.vhd" into library work
Parsing entity <Mux2>.
Parsing architecture <Behavioral> of entity <mux2>.
Parsing VHDL file "/home/m1/durand/Documents/AEO/TP6/mem_bank_1bit.vhd" into library work
Parsing entity <mem_bank_1bit>.
Parsing architecture <Behavioral> of entity <mem_bank_1bit>.
Parsing VHDL file "/home/m1/durand/Documents/AEO/TP6/ipcore_dir/my_ram.vhd" into library work
Parsing entity <my_ram>.
Parsing architecture <my_ram_a> of entity <my_ram>.
Parsing VHDL file "/home/m1/durand/Documents/AEO/TP6/ipcore_dir/multiply.vhd" into library work
Parsing entity <multiply>.
Parsing architecture <multiply_a> of entity <multiply>.
Parsing VHDL file "/home/m1/durand/Documents/AEO/TP6/ipcore_dir/incdec.vhd" into library work
Parsing entity <incdec>.
Parsing architecture <incdec_a> of entity <incdec>.
Parsing VHDL file "/home/m1/durand/Documents/AEO/TP6/ipcore_dir/addsub.vhd" into library work
Parsing entity <addsub>.
Parsing architecture <addsub_a> of entity <addsub>.
Parsing VHDL file "/home/m1/durand/Documents/AEO/TP6/IPcode.vhd" into library work
Parsing package <IPcodes>.
Parsing VHDL file "/home/m1/durand/Documents/AEO/TP6/homade_opcodes.vhd" into library work
Parsing package <opcodes>.
Parsing VHDL file "/home/m1/durand/Documents/AEO/TP6/dstack.vhd" into library work
Parsing entity <dstack>.
Parsing architecture <Behavioral> of entity <dstack>.
Parsing VHDL file "/home/m1/durand/Documents/AEO/TP6/constant32.vhd" into library work
Parsing entity <constant32>.
Parsing architecture <Behavioral> of entity <constant32>.
Parsing VHDL file "/home/m1/durand/Documents/AEO/TP6/slavedual_prom.vhd" into library work
Parsing entity <Inst_mem>.
Parsing architecture <Behavioral> of entity <inst_mem>.
Parsing VHDL file "/home/m1/durand/Documents/AEO/TP6/reset_mem.vhf" into library work
Parsing entity <reset_mem>.
Parsing architecture <BEHAVIORAL> of entity <reset_mem>.
Parsing VHDL file "/home/m1/durand/Documents/AEO/TP6/random.vhd" into library work
Parsing entity <random>.
Parsing architecture <Behavioral> of entity <random>.
Parsing VHDL file "/home/m1/durand/Documents/AEO/TP6/QD.vhd" into library work
Parsing entity <QD>.
Parsing architecture <QD> of entity <qd>.
Parsing VHDL file "/home/m1/durand/Documents/AEO/TP6/pulse.vhf" into library work
Parsing entity <pulse>.
Parsing architecture <BEHAVIORAL> of entity <pulse>.
Parsing VHDL file "/home/m1/durand/Documents/AEO/TP6/mysr8ce.vhd" into library work
Parsing entity <mySR8CE>.
Parsing architecture <Behavioral> of entity <mysr8ce>.
Parsing VHDL file "/home/m1/durand/Documents/AEO/TP6/IP_Snum.vhd" into library work
Parsing entity <IP_Snum>.
Parsing architecture <Behavioral> of entity <ip_snum>.
Parsing VHDL file "/home/m1/durand/Documents/AEO/TP6/IP_regfile.vhd" into library work
Parsing entity <IP_regfile>.
Parsing architecture <Behavioral> of entity <ip_regfile>.
Parsing VHDL file "/home/m1/durand/Documents/AEO/TP6/IP_ram.vhd" into library work
Parsing entity <IP_ram>.
Parsing architecture <Behavioral> of entity <ip_ram>.
Parsing VHDL file "/home/m1/durand/Documents/AEO/TP6/IP_Put.vhd" into library work
Parsing entity <IP_Put>.
Parsing architecture <Behavioral> of entity <ip_put>.
Parsing VHDL file "/home/m1/durand/Documents/AEO/TP6/IP_datastack.vhd" into library work
Parsing entity <IP_datastack>.
Parsing architecture <Behavioral> of entity <ip_datastack>.
Parsing VHDL file "/home/m1/durand/Documents/AEO/TP6/IPTic.vhd" into library work
Parsing entity <IP_Tic>.
Parsing architecture <Behavioral> of entity <ip_tic>.
Parsing VHDL file "/home/m1/durand/Documents/AEO/TP6/IPstack.vhd" into library work
Parsing entity <IP_stack>.
Parsing architecture <Behavioral> of entity <ip_stack>.
Parsing VHDL file "/home/m1/durand/Documents/AEO/TP6/IPsleep.vhd" into library work
Parsing entity <IP_sleep>.
Parsing architecture <Behavioral> of entity <ip_sleep>.
Parsing VHDL file "/home/m1/durand/Documents/AEO/TP6/IPmul16.vhd" into library work
Parsing entity <IP_mul16>.
Parsing architecture <Behavioral> of entity <ip_mul16>.
Parsing VHDL file "/home/m1/durand/Documents/AEO/TP6/IPidentity.vhd" into library work
Parsing entity <IP_identity>.
Parsing architecture <Behavioral> of entity <ip_identity>.
Parsing VHDL file "/home/m1/durand/Documents/AEO/TP6/IPget.vhd" into library work
Parsing entity <IP_get>.
Parsing architecture <Behavioral> of entity <ip_get>.
Parsing VHDL file "/home/m1/durand/Documents/AEO/TP6/Hstack.vhf" into library work
Parsing entity <Hstack>.
Parsing architecture <BEHAVIORAL> of entity <hstack>.
Parsing VHDL file "/home/m1/durand/Documents/AEO/TP6/Hcontrolunit.vhd" into library work
Parsing entity <HCU>.
Parsing architecture <Behavioral> of entity <hcu>.
Parsing VHDL file "/home/m1/durand/Documents/AEO/TP6/Funit_lib.vhd" into library work
Parsing entity <IP_Funit>.
Parsing architecture <myfunit> of entity <ip_funit>.
Parsing VHDL file "/home/m1/durand/Documents/AEO/TP6/add_gen.vhd" into library work
Parsing entity <add_gen>.
Parsing architecture <Behavioral> of entity <add_gen>.
Parsing VHDL file "/home/m1/durand/Documents/AEO/TP6/x7seg.vhd" into library work
Parsing entity <x7seg>.
Parsing architecture <Behavioral> of entity <x7seg>.
Parsing VHDL file "/home/m1/durand/Documents/AEO/TP6/uart_rx.vhd" into library work
Parsing entity <uart_rx>.
Parsing architecture <inst_rx> of entity <uart_rx>.
Parsing VHDL file "/home/m1/durand/Documents/AEO/TP6/uart_dispatch.vhd" into library work
Parsing entity <uart_dispatch>.
Parsing architecture <Behavioral> of entity <uart_dispatch>.
Parsing VHDL file "/home/m1/durand/Documents/AEO/TP6/shiftanodes.vhf" into library work
Parsing entity <shiftanodes>.
Parsing architecture <BEHAVIORAL> of entity <shiftanodes>.
Parsing VHDL file "/home/m1/durand/Documents/AEO/TP6/reg.vhd" into library work
Parsing entity <reg0>.
Parsing architecture <reg0> of entity <reg0>.
Parsing VHDL file "/home/m1/durand/Documents/AEO/TP6/netring_master.vhf" into library work
Parsing entity <netring_master>.
Parsing architecture <BEHAVIORAL> of entity <netring_master>.
Parsing VHDL file "/home/m1/durand/Documents/AEO/TP6/netring.vhf" into library work
Parsing entity <netring>.
Parsing architecture <BEHAVIORAL> of entity <netring>.
Parsing VHDL file "/home/m1/durand/Documents/AEO/TP6/mux4x4.vhf" into library work
Parsing entity <M4_1E_HXILINX_mux4x4>.
Parsing architecture <M4_1E_HXILINX_mux4x4_V> of entity <m4_1e_hxilinx_mux4x4>.
Parsing entity <mux4x4>.
Parsing architecture <BEHAVIORAL> of entity <mux4x4>.
Parsing VHDL file "/home/m1/durand/Documents/AEO/TP6/IP_switch.vhd" into library work
Parsing entity <IP_switch>.
Parsing architecture <Behavioral> of entity <ip_switch>.
Parsing VHDL file "/home/m1/durand/Documents/AEO/TP6/IP_Rdm.vhd" into library work
Parsing entity <IP_Rdm>.
Parsing architecture <Behavioral> of entity <ip_rdm>.
ERROR:HDLCompiler:1314 - "/home/m1/durand/Documents/AEO/TP6/IP_Rdm.vhd" Line 56: Formal port/generic <rstbus> is not declared in <random>
ERROR:HDLCompiler:432 - "/home/m1/durand/Documents/AEO/TP6/IP_Rdm.vhd" Line 53: Formal <reset> has no actual or default value.
reset is declared here
enable is declared here
ERROR:HDLCompiler:69 - "/home/m1/durand/Documents/AEO/TP6/IP_Rdm.vhd" Line 62: <random_num> is not declared.
ERROR:HDLCompiler:854 - "/home/m1/durand/Documents/AEO/TP6/IP_Rdm.vhd" Line 43: Unit <behavioral> ignored due to previous errors.
VHDL file /home/m1/durand/Documents/AEO/TP6/IP_Rdm.vhd ignored due to errors
--> 


Total memory usage is 311252 kilobytes

Number of errors   :    4 (   0 filtered)
Number of warnings :    0 (   0 filtered)
Number of infos    :    0 (   0 filtered)

